{
  "version": "1.5.0",
  "plugins_used": [
    {
      "name": "ArtifactoryDetector"
    },
    {
      "name": "AWSKeyDetector"
    },
    {
      "name": "AzureStorageKeyDetector"
    },
    {
      "name": "Base64HighEntropyString",
      "limit": 4.5
    },
    {
      "name": "BasicAuthDetector"
    },
    {
      "name": "CloudantDetector"
    },
    {
      "name": "DiscordBotTokenDetector"
    },
    {
      "name": "GitHubTokenDetector"
    },
    {
      "name": "GitLabTokenDetector"
    },
    {
      "name": "HexHighEntropyString",
      "limit": 3.0
    },
    {
      "name": "IbmCloudIamDetector"
    },
    {
      "name": "IbmCosHmacDetector"
    },
    {
      "name": "IPPublicDetector"
    },
    {
      "name": "JwtTokenDetector"
    },
    {
      "name": "KeywordDetector",
      "keyword_exclude": ""
    },
    {
      "name": "MailchimpDetector"
    },
    {
      "name": "NpmDetector"
    },
    {
      "name": "OpenAIDetector"
    },
    {
      "name": "PrivateKeyDetector"
    },
    {
      "name": "PypiTokenDetector"
    },
    {
      "name": "SendGridDetector"
    },
    {
      "name": "SlackDetector"
    },
    {
      "name": "SoftlayerDetector"
    },
    {
      "name": "SquareOAuthDetector"
    },
    {
      "name": "StripeDetector"
    },
    {
      "name": "TelegramBotTokenDetector"
    },
    {
      "name": "TwilioKeyDetector"
    }
  ],
  "filters_used": [
    {
      "path": "detect_secrets.filters.allowlist.is_line_allowlisted"
    },
    {
      "path": "detect_secrets.filters.common.is_ignored_due_to_verification_policies",
      "min_level": 2
    },
    {
      "path": "detect_secrets.filters.heuristic.is_indirect_reference"
    },
    {
      "path": "detect_secrets.filters.heuristic.is_likely_id_string"
    },
    {
      "path": "detect_secrets.filters.heuristic.is_lock_file"
    },
    {
      "path": "detect_secrets.filters.heuristic.is_not_alphanumeric_string"
    },
    {
      "path": "detect_secrets.filters.heuristic.is_potential_uuid"
    },
    {
      "path": "detect_secrets.filters.heuristic.is_prefixed_with_dollar_sign"
    },
    {
      "path": "detect_secrets.filters.heuristic.is_sequential_string"
    },
    {
      "path": "detect_secrets.filters.heuristic.is_swagger_file"
    },
    {
      "path": "detect_secrets.filters.heuristic.is_templated_secret"
    }
  ],
  "results": {
    "cli/src/lib/analytics.js": [
      {
        "type": "Base64 High Entropy String",
        "filename": "cli/src/lib/analytics.js",
        "hashed_secret": "40c998803e176ea5055f206d2f8b8958e7c0aeeb",
        "is_verified": false,
        "line_number": 13
      }
    ],
    "cli/src/lib/identity.js": [
      {
        "type": "Base64 High Entropy String",
        "filename": "cli/src/lib/identity.js",
        "hashed_secret": "c11103b78d981f5724f55fb3752f2954cb68b38a",
        "is_verified": false,
        "line_number": 33
      }
    ],
    "cli/test/fixtures/multilang/docs/client/javascript/DOC.md": [
      {
        "type": "Secret Keyword",
        "filename": "cli/test/fixtures/multilang/docs/client/javascript/DOC.md",
        "hashed_secret": "e9a5f12a8ecbb3eb46eca5096b5c52aa5e7c9fdd",
        "is_verified": false,
        "line_number": 16
      }
    ],
    "content/airtable/docs/database/javascript/DOC.md": [
      {
        "type": "Secret Keyword",
        "filename": "content/airtable/docs/database/javascript/DOC.md",
        "hashed_secret": "0755d00a3f5f1ca2b33cfd2834cc969f9d23a8fd",
        "is_verified": false,
        "line_number": 66
      }
    ],
    "content/amplitude/docs/analytics/javascript/DOC.md": [
      {
        "type": "Secret Keyword",
        "filename": "content/amplitude/docs/analytics/javascript/DOC.md",
        "hashed_secret": "1e3667aaaaa887721550cf5cc8a0c5c5760810ed",
        "is_verified": false,
        "line_number": 1197
      }
    ],
    "content/amplitude/docs/analytics/python/DOC.md": [
      {
        "type": "Secret Keyword",
        "filename": "content/amplitude/docs/analytics/python/DOC.md",
        "hashed_secret": "1e3667aaaaa887721550cf5cc8a0c5c5760810ed",
        "is_verified": false,
        "line_number": 70
      }
    ],
    "content/atlassian/docs/confluence/javascript/DOC.md": [
      {
        "type": "Hex High Entropy String",
        "filename": "content/atlassian/docs/confluence/javascript/DOC.md",
        "hashed_secret": "862182e7439987848c3fe98d976d5414d60d4fe2",
        "is_verified": false,
        "line_number": 661
      }
    ],
    "content/atlassian/docs/confluence/python/DOC.md": [
      {
        "type": "Secret Keyword",
        "filename": "content/atlassian/docs/confluence/python/DOC.md",
        "hashed_secret": "3f4f9a14a2d4d72a7074c2969dd34c89f2cbe61a",
        "is_verified": false,
        "line_number": 54
      },
      {
        "type": "Secret Keyword",
        "filename": "content/atlassian/docs/confluence/python/DOC.md",
        "hashed_secret": "45d676e7c6ab44cf4b8fa366ef2d8fccd3e6d6e6",
        "is_verified": false,
        "line_number": 114
      },
      {
        "type": "Hex High Entropy String",
        "filename": "content/atlassian/docs/confluence/python/DOC.md",
        "hashed_secret": "862182e7439987848c3fe98d976d5414d60d4fe2",
        "is_verified": false,
        "line_number": 986
      }
    ],
    "content/auth0/docs/identity/javascript/DOC.md": [
      {
        "type": "Secret Keyword",
        "filename": "content/auth0/docs/identity/javascript/DOC.md",
        "hashed_secret": "463d8353f4b927fd953e5af7c41084183e8ce5fb",
        "is_verified": false,
        "line_number": 166
      },
      {
        "type": "Secret Keyword",
        "filename": "content/auth0/docs/identity/javascript/DOC.md",
        "hashed_secret": "67a8292c9106e09f587ca2573a2be318c5da251c",
        "is_verified": false,
        "line_number": 837
      }
    ],
    "content/aws/docs/s3/javascript/DOC.md": [
      {
        "type": "Secret Keyword",
        "filename": "content/aws/docs/s3/javascript/DOC.md",
        "hashed_secret": "a94a8fe5ccb19ba61c4c0873d391e987982fbbd3",
        "is_verified": false,
        "line_number": 135
      }
    ],
    "content/aws/docs/s3/python/DOC.md": [
      {
        "type": "Secret Keyword",
        "filename": "content/aws/docs/s3/python/DOC.md",
        "hashed_secret": "76fb0eb046fb9e7b163fecdfaf0b3e419a8a503b",
        "is_verified": false,
        "line_number": 143
      },
      {
        "type": "Secret Keyword",
        "filename": "content/aws/docs/s3/python/DOC.md",
        "hashed_secret": "a94a8fe5ccb19ba61c4c0873d391e987982fbbd3",
        "is_verified": false,
        "line_number": 182
      }
    ],
    "content/binance/docs/trading/javascript/DOC.md": [
      {
        "type": "Secret Keyword",
        "filename": "content/binance/docs/trading/javascript/DOC.md",
        "hashed_secret": "cf4a956e75901c220c0f5fbaec41987fc6177345",
        "is_verified": false,
        "line_number": 57
      },
      {
        "type": "Secret Keyword",
        "filename": "content/binance/docs/trading/javascript/DOC.md",
        "hashed_secret": "332623d7e3aa672b74c287f8ee18b56f26900f50",
        "is_verified": false,
        "line_number": 58
      },
      {
        "type": "Secret Keyword",
        "filename": "content/binance/docs/trading/javascript/DOC.md",
        "hashed_secret": "b657ad0e338f107b5b6d0cafe605165ab160a205",
        "is_verified": false,
        "line_number": 117
      },
      {
        "type": "Secret Keyword",
        "filename": "content/binance/docs/trading/javascript/DOC.md",
        "hashed_secret": "7ef20f27ed0531f0fb8425f9039b3058ce056d28",
        "is_verified": false,
        "line_number": 166
      }
    ],
    "content/binance/docs/trading/python/DOC.md": [
      {
        "type": "Secret Keyword",
        "filename": "content/binance/docs/trading/python/DOC.md",
        "hashed_secret": "cf4a956e75901c220c0f5fbaec41987fc6177345",
        "is_verified": false,
        "line_number": 61
      },
      {
        "type": "Secret Keyword",
        "filename": "content/binance/docs/trading/python/DOC.md",
        "hashed_secret": "332623d7e3aa672b74c287f8ee18b56f26900f50",
        "is_verified": false,
        "line_number": 62
      },
      {
        "type": "Secret Keyword",
        "filename": "content/binance/docs/trading/python/DOC.md",
        "hashed_secret": "b657ad0e338f107b5b6d0cafe605165ab160a205",
        "is_verified": false,
        "line_number": 139
      },
      {
        "type": "Basic Auth Credentials",
        "filename": "content/binance/docs/trading/python/DOC.md",
        "hashed_secret": "5baa61e4c9b93f3f0682250b6cf8331b7ee68fd8",
        "is_verified": false,
        "line_number": 183
      }
    ],
    "content/braintree/docs/gateway/javascript/DOC.md": [
      {
        "type": "Secret Keyword",
        "filename": "content/braintree/docs/gateway/javascript/DOC.md",
        "hashed_secret": "58de4db9459638510e71a4c3dfea4d1465136ee1",
        "is_verified": false,
        "line_number": 69
      }
    ],
    "content/braintree/docs/gateway/python/DOC.md": [
      {
        "type": "Secret Keyword",
        "filename": "content/braintree/docs/gateway/python/DOC.md",
        "hashed_secret": "58de4db9459638510e71a4c3dfea4d1465136ee1",
        "is_verified": false,
        "line_number": 73
      }
    ],
    "content/chromadb/docs/embeddings-db/javascript/DOC.md": [
      {
        "type": "Secret Keyword",
        "filename": "content/chromadb/docs/embeddings-db/javascript/DOC.md",
        "hashed_secret": "1d3b1295c282649864a65fe3bd1631bcf7499ef5",
        "is_verified": false,
        "line_number": 606
      },
      {
        "type": "Secret Keyword",
        "filename": "content/chromadb/docs/embeddings-db/javascript/DOC.md",
        "hashed_secret": "d8dc7eb9ee68413fd4ba65a360c6a22388576938",
        "is_verified": false,
        "line_number": 628
      },
      {
        "type": "Secret Keyword",
        "filename": "content/chromadb/docs/embeddings-db/javascript/DOC.md",
        "hashed_secret": "f4527bdda06eefcf22f4cbfaec88a2d640024d60",
        "is_verified": false,
        "line_number": 645
      }
    ],
    "content/chromadb/docs/embeddings-db/python/DOC.md": [
      {
        "type": "Secret Keyword",
        "filename": "content/chromadb/docs/embeddings-db/python/DOC.md",
        "hashed_secret": "1d3b1295c282649864a65fe3bd1631bcf7499ef5",
        "is_verified": false,
        "line_number": 587
      },
      {
        "type": "Secret Keyword",
        "filename": "content/chromadb/docs/embeddings-db/python/DOC.md",
        "hashed_secret": "d8dc7eb9ee68413fd4ba65a360c6a22388576938",
        "is_verified": false,
        "line_number": 609
      },
      {
        "type": "Secret Keyword",
        "filename": "content/chromadb/docs/embeddings-db/python/DOC.md",
        "hashed_secret": "f4527bdda06eefcf22f4cbfaec88a2d640024d60",
        "is_verified": false,
        "line_number": 631
      },
      {
        "type": "Secret Keyword",
        "filename": "content/chromadb/docs/embeddings-db/python/DOC.md",
        "hashed_secret": "11fa7c37d697f30e6aee828b4426a10f83ab2380",
        "is_verified": false,
        "line_number": 1221
      }
    ],
    "content/clerk/docs/auth/python/DOC.md": [
      {
        "type": "Secret Keyword",
        "filename": "content/clerk/docs/auth/python/DOC.md",
        "hashed_secret": "368398ada0fe9f31520b05dee9acc87ed7904c45",
        "is_verified": false,
        "line_number": 78
      }
    ],
    "content/cloudflare/docs/workers/javascript/DOC.md": [
      {
        "type": "Hex High Entropy String",
        "filename": "content/cloudflare/docs/workers/javascript/DOC.md",
        "hashed_secret": "aec187b6e1e5e9260def2f3cf3e5963538021db4",
        "is_verified": false,
        "line_number": 98
      },
      {
        "type": "Hex High Entropy String",
        "filename": "content/cloudflare/docs/workers/javascript/DOC.md",
        "hashed_secret": "5739467f37911e34d28eb9fba43302fcf151c8c7",
        "is_verified": false,
        "line_number": 539
      }
    ],
    "content/cloudflare/docs/workers/python/DOC.md": [
      {
        "type": "Hex High Entropy String",
        "filename": "content/cloudflare/docs/workers/python/DOC.md",
        "hashed_secret": "aec187b6e1e5e9260def2f3cf3e5963538021db4",
        "is_verified": false,
        "line_number": 98
      },
      {
        "type": "Hex High Entropy String",
        "filename": "content/cloudflare/docs/workers/python/DOC.md",
        "hashed_secret": "5739467f37911e34d28eb9fba43302fcf151c8c7",
        "is_verified": false,
        "line_number": 542
      }
    ],
    "content/cockroachdb/docs/distributed-db/DOC.md": [
      {
        "type": "Basic Auth Credentials",
        "filename": "content/cockroachdb/docs/distributed-db/DOC.md",
        "hashed_secret": "5baa61e4c9b93f3f0682250b6cf8331b7ee68fd8",
        "is_verified": false,
        "line_number": 79
      },
      {
        "type": "Secret Keyword",
        "filename": "content/cockroachdb/docs/distributed-db/DOC.md",
        "hashed_secret": "e405645aeb672561010680c471e9434e22c09a4f",
        "is_verified": false,
        "line_number": 191
      }
    ],
    "content/datadog/docs/monitoring/javascript/DOC.md": [
      {
        "type": "Secret Keyword",
        "filename": "content/datadog/docs/monitoring/javascript/DOC.md",
        "hashed_secret": "aecdccc1cf64595b34e0cc152d238daabb32183a",
        "is_verified": false,
        "line_number": 44
      }
    ],
    "content/datadog/docs/monitoring/python/DOC.md": [
      {
        "type": "Secret Keyword",
        "filename": "content/datadog/docs/monitoring/python/DOC.md",
        "hashed_secret": "aecdccc1cf64595b34e0cc152d238daabb32183a",
        "is_verified": false,
        "line_number": 48
      },
      {
        "type": "Secret Keyword",
        "filename": "content/datadog/docs/monitoring/python/DOC.md",
        "hashed_secret": "11fa7c37d697f30e6aee828b4426a10f83ab2380",
        "is_verified": false,
        "line_number": 122
      }
    ],
    "content/deepl/docs/translation/javascript/DOC.md": [
      {
        "type": "Secret Keyword",
        "filename": "content/deepl/docs/translation/javascript/DOC.md",
        "hashed_secret": "aecdccc1cf64595b34e0cc152d238daabb32183a",
        "is_verified": false,
        "line_number": 64
      }
    ],
    "content/deepseek/docs/llm/DOC.md": [
      {
        "type": "Secret Keyword",
        "filename": "content/deepseek/docs/llm/DOC.md",
        "hashed_secret": "8fbd264c15a56bdf4deb5e736dbd794e426501b6",
        "is_verified": false,
        "line_number": 80
      },
      {
        "type": "Secret Keyword",
        "filename": "content/deepseek/docs/llm/DOC.md",
        "hashed_secret": "3acfb2c2b433c0ea7ff107e33df91b18e52f960f",
        "is_verified": false,
        "line_number": 1126
      }
    ],
    "content/directus/docs/headless-cms/javascript/DOC.md": [
      {
        "type": "Secret Keyword",
        "filename": "content/directus/docs/headless-cms/javascript/DOC.md",
        "hashed_secret": "354b3a4b7715d3694c88a4fa7db49e41de86568e",
        "is_verified": false,
        "line_number": 624
      }
    ],
    "content/directus/docs/headless-cms/python/DOC.md": [
      {
        "type": "Secret Keyword",
        "filename": "content/directus/docs/headless-cms/python/DOC.md",
        "hashed_secret": "45d676e7c6ab44cf4b8fa366ef2d8fccd3e6d6e6",
        "is_verified": false,
        "line_number": 62
      },
      {
        "type": "Secret Keyword",
        "filename": "content/directus/docs/headless-cms/python/DOC.md",
        "hashed_secret": "5baa61e4c9b93f3f0682250b6cf8331b7ee68fd8",
        "is_verified": false,
        "line_number": 873
      },
      {
        "type": "Secret Keyword",
        "filename": "content/directus/docs/headless-cms/python/DOC.md",
        "hashed_secret": "354b3a4b7715d3694c88a4fa7db49e41de86568e",
        "is_verified": false,
        "line_number": 900
      },
      {
        "type": "Secret Keyword",
        "filename": "content/directus/docs/headless-cms/python/DOC.md",
        "hashed_secret": "6809ffccad03b80fa1fbc32c17e7e054805ec30b",
        "is_verified": false,
        "line_number": 1164
      }
    ],
    "content/elasticsearch/docs/search/DOC.md": [
      {
        "type": "Secret Keyword",
        "filename": "content/elasticsearch/docs/search/DOC.md",
        "hashed_secret": "a9453776dee8430847d10f4a45c4eaaca29839ea",
        "is_verified": false,
        "line_number": 54
      },
      {
        "type": "Secret Keyword",
        "filename": "content/elasticsearch/docs/search/DOC.md",
        "hashed_secret": "76ab17ca7e074237f549f8dd74fb3d4be1e00a45",
        "is_verified": false,
        "line_number": 69
      },
      {
        "type": "Secret Keyword",
        "filename": "content/elasticsearch/docs/search/DOC.md",
        "hashed_secret": "fa9beb99e4029ad5a6615399e7bbae21356086b3",
        "is_verified": false,
        "line_number": 84
      },
      {
        "type": "Secret Keyword",
        "filename": "content/elasticsearch/docs/search/DOC.md",
        "hashed_secret": "45d676e7c6ab44cf4b8fa366ef2d8fccd3e6d6e6",
        "is_verified": false,
        "line_number": 113
      }
    ],
    "content/elevenlabs/docs/text-to-speech/javascript/DOC.md": [
      {
        "type": "Secret Keyword",
        "filename": "content/elevenlabs/docs/text-to-speech/javascript/DOC.md",
        "hashed_secret": "1e3667aaaaa887721550cf5cc8a0c5c5760810ed",
        "is_verified": false,
        "line_number": 38
      }
    ],
    "content/elevenlabs/docs/text-to-speech/python/DOC.md": [
      {
        "type": "Secret Keyword",
        "filename": "content/elevenlabs/docs/text-to-speech/python/DOC.md",
        "hashed_secret": "1e3667aaaaa887721550cf5cc8a0c5c5760810ed",
        "is_verified": false,
        "line_number": 291
      },
      {
        "type": "Secret Keyword",
        "filename": "content/elevenlabs/docs/text-to-speech/python/DOC.md",
        "hashed_secret": "e5ad10f370283c6276789de684bca60e30306ad5",
        "is_verified": false,
        "line_number": 340
      }
    ],
    "content/firebase/docs/auth/DOC.md": [
      {
        "type": "Secret Keyword",
        "filename": "content/firebase/docs/auth/DOC.md",
        "hashed_secret": "11fa7c37d697f30e6aee828b4426a10f83ab2380",
        "is_verified": false,
        "line_number": 54
      }
    ],
    "content/github/docs/octokit/DOC.md": [
      {
        "type": "Private Key",
        "filename": "content/github/docs/octokit/DOC.md",
        "hashed_secret": "be4fc4886bd949b369d5e092eb87494f12e57e5b",
        "is_verified": false,
        "line_number": 45
      }
    ],
    "content/hubspot/docs/crm/javascript/DOC.md": [
      {
        "type": "Secret Keyword",
        "filename": "content/hubspot/docs/crm/javascript/DOC.md",
        "hashed_secret": "11fa7c37d697f30e6aee828b4426a10f83ab2380",
        "is_verified": false,
        "line_number": 1795
      }
    ],
    "content/intercom/docs/messaging/javascript/DOC.md": [
      {
        "type": "Hex High Entropy String",
        "filename": "content/intercom/docs/messaging/javascript/DOC.md",
        "hashed_secret": "ab9220f38ef4751635951a177058d1b9c1e0f013",
        "is_verified": false,
        "line_number": 134
      },
      {
        "type": "Hex High Entropy String",
        "filename": "content/intercom/docs/messaging/javascript/DOC.md",
        "hashed_secret": "ccb58a9d77a9aff84e9b96b0100fbc95e0fc8830",
        "is_verified": false,
        "line_number": 235
      }
    ],
    "content/intercom/docs/messaging/python/DOC.md": [
      {
        "type": "Hex High Entropy String",
        "filename": "content/intercom/docs/messaging/python/DOC.md",
        "hashed_secret": "ab9220f38ef4751635951a177058d1b9c1e0f013",
        "is_verified": false,
        "line_number": 93
      },
      {
        "type": "Hex High Entropy String",
        "filename": "content/intercom/docs/messaging/python/DOC.md",
        "hashed_secret": "ccb58a9d77a9aff84e9b96b0100fbc95e0fc8830",
        "is_verified": false,
        "line_number": 236
      }
    ],
    "content/jira/docs/issues/python/DOC.md": [
      {
        "type": "Secret Keyword",
        "filename": "content/jira/docs/issues/python/DOC.md",
        "hashed_secret": "db00773500ff2d61674afe8cf2201ea441764517",
        "is_verified": false,
        "line_number": 93
      }
    ],
    "content/kafka/docs/streaming/python/DOC.md": [
      {
        "type": "Secret Keyword",
        "filename": "content/kafka/docs/streaming/python/DOC.md",
        "hashed_secret": "5baa61e4c9b93f3f0682250b6cf8331b7ee68fd8",
        "is_verified": false,
        "line_number": 1088
      }
    ],
    "content/landingai-ade/docs/api/DOC.md": [
      {
        "type": "Secret Keyword",
        "filename": "content/landingai-ade/docs/api/DOC.md",
        "hashed_secret": "e7e122c7c4ca4c8cb94f2dad5c00e3b6bb3a7a4d",
        "is_verified": false,
        "line_number": 371
      }
    ],
    "content/landingai-ade/docs/sdk/python/DOC.md": [
      {
        "type": "Secret Keyword",
        "filename": "content/landingai-ade/docs/sdk/python/DOC.md",
        "hashed_secret": "e7e122c7c4ca4c8cb94f2dad5c00e3b6bb3a7a4d",
        "is_verified": false,
        "line_number": 20
      }
    ],
    "content/landingai-ade/docs/sdk/typescript/DOC.md": [
      {
        "type": "Secret Keyword",
        "filename": "content/landingai-ade/docs/sdk/typescript/DOC.md",
        "hashed_secret": "e7e122c7c4ca4c8cb94f2dad5c00e3b6bb3a7a4d",
        "is_verified": false,
        "line_number": 21
      }
    ],
    "content/meilisearch/docs/search/DOC.md": [
      {
        "type": "Secret Keyword",
        "filename": "content/meilisearch/docs/search/DOC.md",
        "hashed_secret": "14e30579fa3c1174a83e576c804a5bf55829ea6f",
        "is_verified": false,
        "line_number": 63
      },
      {
        "type": "Secret Keyword",
        "filename": "content/meilisearch/docs/search/DOC.md",
        "hashed_secret": "7b2e25c6bd53a6e18989b25f600d606be323b84a",
        "is_verified": false,
        "line_number": 96
      },
      {
        "type": "Secret Keyword",
        "filename": "content/meilisearch/docs/search/DOC.md",
        "hashed_secret": "13a3177cec501f4d353df1f0c0a7f6dad88ac977",
        "is_verified": false,
        "line_number": 937
      }
    ],
    "content/microsoft/docs/onedrive/javascript/DOC.md": [
      {
        "type": "Secret Keyword",
        "filename": "content/microsoft/docs/onedrive/javascript/DOC.md",
        "hashed_secret": "20b05c695ef1f14caa80ab1ce617d503ba9de093",
        "is_verified": false,
        "line_number": 794
      }
    ],
    "content/mongodb/docs/atlas/DOC.md": [
      {
        "type": "Basic Auth Credentials",
        "filename": "content/mongodb/docs/atlas/DOC.md",
        "hashed_secret": "5baa61e4c9b93f3f0682250b6cf8331b7ee68fd8",
        "is_verified": false,
        "line_number": 59
      },
      {
        "type": "Hex High Entropy String",
        "filename": "content/mongodb/docs/atlas/DOC.md",
        "hashed_secret": "960903f95946e89e7a21ab56be937700ab2fcc15",
        "is_verified": false,
        "line_number": 1502
      }
    ],
    "content/okta/docs/identity/javascript/DOC.md": [
      {
        "type": "Private Key",
        "filename": "content/okta/docs/identity/javascript/DOC.md",
        "hashed_secret": "1348b145fa1a555461c1b790a2f66614781091e9",
        "is_verified": false,
        "line_number": 104
      }
    ],
    "content/okta/docs/identity/python/DOC.md": [
      {
        "type": "Secret Keyword",
        "filename": "content/okta/docs/identity/python/DOC.md",
        "hashed_secret": "463d8353f4b927fd953e5af7c41084183e8ce5fb",
        "is_verified": false,
        "line_number": 1187
      }
    ],
    "content/openai/docs/chat/javascript/DOC.md": [
      {
        "type": "Secret Keyword",
        "filename": "content/openai/docs/chat/javascript/DOC.md",
        "hashed_secret": "aecdccc1cf64595b34e0cc152d238daabb32183a",
        "is_verified": false,
        "line_number": 62
      }
    ],
    "content/pinecone/docs/sdk/javascript/DOC.md": [
      {
        "type": "Secret Keyword",
        "filename": "content/pinecone/docs/sdk/javascript/DOC.md",
        "hashed_secret": "cf4a956e75901c220c0f5fbaec41987fc6177345",
        "is_verified": false,
        "line_number": 64
      }
    ],
    "content/pinecone/docs/sdk/python/DOC.md": [
      {
        "type": "Secret Keyword",
        "filename": "content/pinecone/docs/sdk/python/DOC.md",
        "hashed_secret": "cf4a956e75901c220c0f5fbaec41987fc6177345",
        "is_verified": false,
        "line_number": 85
      }
    ],
    "content/plaid/docs/banking/python/DOC.md": [
      {
        "type": "Secret Keyword",
        "filename": "content/plaid/docs/banking/python/DOC.md",
        "hashed_secret": "57526b9f5f133e1314f44833c11eacf6fbc71ba0",
        "is_verified": false,
        "line_number": 50
      },
      {
        "type": "Secret Keyword",
        "filename": "content/plaid/docs/banking/python/DOC.md",
        "hashed_secret": "7d52196155e89b9bcdf65e2841a81220d584f997",
        "is_verified": false,
        "line_number": 80
      },
      {
        "type": "Secret Keyword",
        "filename": "content/plaid/docs/banking/python/DOC.md",
        "hashed_secret": "75657093729eaed9af810bfeb5ff8b4c14529faa",
        "is_verified": false,
        "line_number": 89
      }
    ],
    "content/postmark/docs/transactional-email/DOC.md": [
      {
        "type": "Secret Keyword",
        "filename": "content/postmark/docs/transactional-email/DOC.md",
        "hashed_secret": "637454cd191ab902a36a6845c78396060b553ea6",
        "is_verified": false,
        "line_number": 867
      }
    ],
    "content/prisma/docs/orm/javascript/DOC.md": [
      {
        "type": "Basic Auth Credentials",
        "filename": "content/prisma/docs/orm/javascript/DOC.md",
        "hashed_secret": "5baa61e4c9b93f3f0682250b6cf8331b7ee68fd8",
        "is_verified": false,
        "line_number": 56
      }
    ],
    "content/prisma/docs/orm/python/DOC.md": [
      {
        "type": "Basic Auth Credentials",
        "filename": "content/prisma/docs/orm/python/DOC.md",
        "hashed_secret": "5baa61e4c9b93f3f0682250b6cf8331b7ee68fd8",
        "is_verified": false,
        "line_number": 68
      }
    ],
    "content/qdrant/docs/vector-search/python/DOC.md": [
      {
        "type": "Secret Keyword",
        "filename": "content/qdrant/docs/vector-search/python/DOC.md",
        "hashed_secret": "aecdccc1cf64595b34e0cc152d238daabb32183a",
        "is_verified": false,
        "line_number": 87
      }
    ],
    "content/rabbitmq/docs/message-queue/javascript/DOC.md": [
      {
        "type": "Basic Auth Credentials",
        "filename": "content/rabbitmq/docs/message-queue/javascript/DOC.md",
        "hashed_secret": "5baa61e4c9b93f3f0682250b6cf8331b7ee68fd8",
        "is_verified": false,
        "line_number": 54
      }
    ],
    "content/rabbitmq/docs/message-queue/python/DOC.md": [
      {
        "type": "Basic Auth Credentials",
        "filename": "content/rabbitmq/docs/message-queue/python/DOC.md",
        "hashed_secret": "5baa61e4c9b93f3f0682250b6cf8331b7ee68fd8",
        "is_verified": false,
        "line_number": 103
      }
    ],
    "content/razorpay/docs/payments/javascript/DOC.md": [
      {
        "type": "Secret Keyword",
        "filename": "content/razorpay/docs/payments/javascript/DOC.md",
        "hashed_secret": "c05f486703d5c71e7289c18ba7ab66e58177be93",
        "is_verified": false,
        "line_number": 69
      },
      {
        "type": "Secret Keyword",
        "filename": "content/razorpay/docs/payments/javascript/DOC.md",
        "hashed_secret": "f3a2bd7a885ec518e529203b7fb667e1e6da9065",
        "is_verified": false,
        "line_number": 1177
      }
    ],
    "content/redis/docs/key-value/javascript/DOC.md": [
      {
        "type": "Basic Auth Credentials",
        "filename": "content/redis/docs/key-value/javascript/DOC.md",
        "hashed_secret": "5baa61e4c9b93f3f0682250b6cf8331b7ee68fd8",
        "is_verified": false,
        "line_number": 58
      },
      {
        "type": "Basic Auth Credentials",
        "filename": "content/redis/docs/key-value/javascript/DOC.md",
        "hashed_secret": "eed786ef203ba2ddc05b6a143c6d786b77f7c61c",
        "is_verified": false,
        "line_number": 138
      },
      {
        "type": "Secret Keyword",
        "filename": "content/redis/docs/key-value/javascript/DOC.md",
        "hashed_secret": "eed786ef203ba2ddc05b6a143c6d786b77f7c61c",
        "is_verified": false,
        "line_number": 148
      },
      {
        "type": "Secret Keyword",
        "filename": "content/redis/docs/key-value/javascript/DOC.md",
        "hashed_secret": "564e340cd48437d2dfe876ee154cc99dc4d0d137",
        "is_verified": false,
        "line_number": 1683
      }
    ],
    "content/redis/docs/key-value/python/DOC.md": [
      {
        "type": "Basic Auth Credentials",
        "filename": "content/redis/docs/key-value/python/DOC.md",
        "hashed_secret": "5baa61e4c9b93f3f0682250b6cf8331b7ee68fd8",
        "is_verified": false,
        "line_number": 69
      },
      {
        "type": "Secret Keyword",
        "filename": "content/redis/docs/key-value/python/DOC.md",
        "hashed_secret": "564e340cd48437d2dfe876ee154cc99dc4d0d137",
        "is_verified": false,
        "line_number": 141
      }
    ],
    "content/replicate/docs/model-hosting/DOC.md": [
      {
        "type": "Hex High Entropy String",
        "filename": "content/replicate/docs/model-hosting/DOC.md",
        "hashed_secret": "33f8cce5e1b2f1dff7fc6b106498699edef8acdc",
        "is_verified": false,
        "line_number": 146
      },
      {
        "type": "Hex High Entropy String",
        "filename": "content/replicate/docs/model-hosting/DOC.md",
        "hashed_secret": "7d21ee9350d99758271218515211cab81ef73a95",
        "is_verified": false,
        "line_number": 222
      }
    ],
    "content/salesforce/docs/crm/javascript/DOC.md": [
      {
        "type": "Secret Keyword",
        "filename": "content/salesforce/docs/crm/javascript/DOC.md",
        "hashed_secret": "564e340cd48437d2dfe876ee154cc99dc4d0d137",
        "is_verified": false,
        "line_number": 68
      },
      {
        "type": "Secret Keyword",
        "filename": "content/salesforce/docs/crm/javascript/DOC.md",
        "hashed_secret": "0d1ba0da3e84e54f29846c93c43182eede365858",
        "is_verified": false,
        "line_number": 164
      }
    ],
    "content/salesforce/docs/crm/python/DOC.md": [
      {
        "type": "Secret Keyword",
        "filename": "content/salesforce/docs/crm/python/DOC.md",
        "hashed_secret": "564e340cd48437d2dfe876ee154cc99dc4d0d137",
        "is_verified": false,
        "line_number": 62
      },
      {
        "type": "Secret Keyword",
        "filename": "content/salesforce/docs/crm/python/DOC.md",
        "hashed_secret": "e8662cfb96bd9c7fe84c31d76819ec3a92c80e63",
        "is_verified": false,
        "line_number": 957
      }
    ],
    "content/sendgrid/docs/email-api/javascript/DOC.md": [
      {
        "type": "Secret Keyword",
        "filename": "content/sendgrid/docs/email-api/javascript/DOC.md",
        "hashed_secret": "1e3667aaaaa887721550cf5cc8a0c5c5760810ed",
        "is_verified": false,
        "line_number": 56
      }
    ],
    "content/sendgrid/docs/email-api/python/DOC.md": [
      {
        "type": "Secret Keyword",
        "filename": "content/sendgrid/docs/email-api/python/DOC.md",
        "hashed_secret": "1e3667aaaaa887721550cf5cc8a0c5c5760810ed",
        "is_verified": false,
        "line_number": 53
      },
      {
        "type": "Secret Keyword",
        "filename": "content/sendgrid/docs/email-api/python/DOC.md",
        "hashed_secret": "11fa7c37d697f30e6aee828b4426a10f83ab2380",
        "is_verified": false,
        "line_number": 266
      }
    ],
    "content/shopify/docs/storefront/DOC.md": [
      {
        "type": "Secret Keyword",
        "filename": "content/shopify/docs/storefront/DOC.md",
        "hashed_secret": "465460f2119c1bb3acc2cc08cb321db041a5e979",
        "is_verified": false,
        "line_number": 86
      }
    ],
    "content/slack/docs/workspace/javascript/DOC.md": [
      {
        "type": "Hex High Entropy String",
        "filename": "content/slack/docs/workspace/javascript/DOC.md",
        "hashed_secret": "9eef110c706799e7b6f5fd2bfe93ee23e48489d6",
        "is_verified": false,
        "line_number": 104
      },
      {
        "type": "Secret Keyword",
        "filename": "content/slack/docs/workspace/javascript/DOC.md",
        "hashed_secret": "06536e76e23db976b15cf54edddf4d6d0da31e6b",
        "is_verified": false,
        "line_number": 310
      }
    ],
    "content/slack/docs/workspace/python/DOC.md": [
      {
        "type": "Hex High Entropy String",
        "filename": "content/slack/docs/workspace/python/DOC.md",
        "hashed_secret": "48c67905a886e88733aabb4a875d469ccbea5cb4",
        "is_verified": false,
        "line_number": 82
      }
    ],
    "content/stripe/docs/api/DOC.md": [
      {
        "type": "Secret Keyword",
        "filename": "content/stripe/docs/api/DOC.md",
        "hashed_secret": "bb635c72bdcbd8309f5e627271a254975d339db5",
        "is_verified": false,
        "line_number": 1235
      }
    ],
    "content/stripe/docs/payments/DOC.md": [
      {
        "type": "Secret Keyword",
        "filename": "content/stripe/docs/payments/DOC.md",
        "hashed_secret": "bb635c72bdcbd8309f5e627271a254975d339db5",
        "is_verified": false,
        "line_number": 1234
      }
    ],
    "content/stytch/docs/auth/javascript/DOC.md": [
      {
        "type": "Base64 High Entropy String",
        "filename": "content/stytch/docs/auth/javascript/DOC.md",
        "hashed_secret": "375f1fb1deab25b7a7b4e357b9a7e5feecb2ffcb",
        "is_verified": false,
        "line_number": 187
      },
      {
        "type": "Secret Keyword",
        "filename": "content/stytch/docs/auth/javascript/DOC.md",
        "hashed_secret": "463d8353f4b927fd953e5af7c41084183e8ce5fb",
        "is_verified": false,
        "line_number": 653
      },
      {
        "type": "Secret Keyword",
        "filename": "content/stytch/docs/auth/javascript/DOC.md",
        "hashed_secret": "9a05379db08c3dbbaeee82359d68f9f02faa5247",
        "is_verified": false,
        "line_number": 691
      },
      {
        "type": "Secret Keyword",
        "filename": "content/stytch/docs/auth/javascript/DOC.md",
        "hashed_secret": "7670145dd26a1136d63d7d88cc4665454e752612",
        "is_verified": false,
        "line_number": 706
      },
      {
        "type": "Secret Keyword",
        "filename": "content/stytch/docs/auth/javascript/DOC.md",
        "hashed_secret": "d15f7823d5cab31d568ddb3fa87476fd15741f91",
        "is_verified": false,
        "line_number": 716
      },
      {
        "type": "Secret Keyword",
        "filename": "content/stytch/docs/auth/javascript/DOC.md",
        "hashed_secret": "a0281cd072cea8e80e7866b05dc124815760b6c9",
        "is_verified": false,
        "line_number": 1222
      },
      {
        "type": "Secret Keyword",
        "filename": "content/stytch/docs/auth/javascript/DOC.md",
        "hashed_secret": "0bb55a6182bf78086aa514b4e7469e274b1a977b",
        "is_verified": false,
        "line_number": 1339
      }
    ],
    "content/stytch/docs/auth/python/DOC.md": [
      {
        "type": "Base64 High Entropy String",
        "filename": "content/stytch/docs/auth/python/DOC.md",
        "hashed_secret": "375f1fb1deab25b7a7b4e357b9a7e5feecb2ffcb",
        "is_verified": false,
        "line_number": 202
      },
      {
        "type": "Secret Keyword",
        "filename": "content/stytch/docs/auth/python/DOC.md",
        "hashed_secret": "463d8353f4b927fd953e5af7c41084183e8ce5fb",
        "is_verified": false,
        "line_number": 656
      },
      {
        "type": "Secret Keyword",
        "filename": "content/stytch/docs/auth/python/DOC.md",
        "hashed_secret": "9a05379db08c3dbbaeee82359d68f9f02faa5247",
        "is_verified": false,
        "line_number": 692
      },
      {
        "type": "Secret Keyword",
        "filename": "content/stytch/docs/auth/python/DOC.md",
        "hashed_secret": "7670145dd26a1136d63d7d88cc4665454e752612",
        "is_verified": false,
        "line_number": 707
      },
      {
        "type": "Secret Keyword",
        "filename": "content/stytch/docs/auth/python/DOC.md",
        "hashed_secret": "d15f7823d5cab31d568ddb3fa87476fd15741f91",
        "is_verified": false,
        "line_number": 717
      },
      {
        "type": "Secret Keyword",
        "filename": "content/stytch/docs/auth/python/DOC.md",
        "hashed_secret": "a0281cd072cea8e80e7866b05dc124815760b6c9",
        "is_verified": false,
        "line_number": 1220
      }
    ],
    "content/supabase/docs/client/DOC.md": [
      {
        "type": "Secret Keyword",
        "filename": "content/supabase/docs/client/DOC.md",
        "hashed_secret": "905d125d12295c57e4de6eef7dda19f79557527d",
        "is_verified": false,
        "line_number": 109
      },
      {
        "type": "Secret Keyword",
        "filename": "content/supabase/docs/client/DOC.md",
        "hashed_secret": "b3a56d60a03b773a1f2b38518a7263a0605f9ac8",
        "is_verified": false,
        "line_number": 241
      },
      {
        "type": "Secret Keyword",
        "filename": "content/supabase/docs/client/DOC.md",
        "hashed_secret": "6809ffccad03b80fa1fbc32c17e7e054805ec30b",
        "is_verified": false,
        "line_number": 1436
      }
    ],
    "content/twilio/docs/messaging/python/DOC.md": [
      {
        "type": "Secret Keyword",
        "filename": "content/twilio/docs/messaging/python/DOC.md",
        "hashed_secret": "0725583c6b30499fd84675b4ce87b1f1dc46323d",
        "is_verified": false,
        "line_number": 84
      },
      {
        "type": "Secret Keyword",
        "filename": "content/twilio/docs/messaging/python/DOC.md",
        "hashed_secret": "37bbea9557f9efd1eeadb25dda9ab6514f08fde9",
        "is_verified": false,
        "line_number": 85
      }
    ],
    "content/twilio/docs/messaging/typescript/DOC.md": [
      {
        "type": "Twilio API Key",
        "filename": "content/twilio/docs/messaging/typescript/DOC.md",
        "hashed_secret": "3c7206eff845bc69cf12d904d0f95f9aec15535e",
        "is_verified": false,
        "line_number": 542
      }
    ],
    "content/vercel/docs/platform/DOC.md": [
      {
        "type": "Base64 High Entropy String",
        "filename": "content/vercel/docs/platform/DOC.md",
        "hashed_secret": "2695549fe934f12ce94aa9e761b2d15a1a177feb",
        "is_verified": false,
        "line_number": 97
      },
      {
        "type": "Base64 High Entropy String",
        "filename": "content/vercel/docs/platform/DOC.md",
        "hashed_secret": "09881f399dde1c74fb0ba9da864097a507042190",
        "is_verified": false,
        "line_number": 154
      },
      {
        "type": "Basic Auth Credentials",
        "filename": "content/vercel/docs/platform/DOC.md",
        "hashed_secret": "9d4e1e23bd5b727046a9e3b4b7db57bd8d6ee684",
        "is_verified": false,
        "line_number": 811
      }
    ],
    "content/zendesk/docs/support/python/DOC.md": [
      {
        "type": "Secret Keyword",
        "filename": "content/zendesk/docs/support/python/DOC.md",
        "hashed_secret": "564e340cd48437d2dfe876ee154cc99dc4d0d137",
        "is_verified": false,
        "line_number": 142
      }
    ]
  },
  "generated_at": "2026-03-16T00:25:09Z"
}
